plugin@org.eclipse.pde.emfforms=HEAD,:pserver:anonymous@dev.eclipse.org:/cvsroot/eclipse,,pde-incubator/modeling/plugins/org.eclipse.pde.emfforms

plugin@org.eclipse.pde.ds=HEAD,:pserver:anonymous@dev.eclipse.org:/cvsroot/eclipse,,pde-incubator/modeling/plugins/org.eclipse.pde.ds
plugin@org.eclipse.pde.ds.builder=HEAD,:pserver:anonymous@dev.eclipse.org:/cvsroot/eclipse,,pde-incubator/modeling/plugins/org.eclipse.pde.ds.builder
plugin@org.eclipse.pde.ds.edit=HEAD,:pserver:anonymous@dev.eclipse.org:/cvsroot/eclipse,,pde-incubator/modeling/plugins/org.eclipse.pde.ds.edit
plugin@org.eclipse.pde.ds.ui-experimental=HEAD,:pserver:anonymous@dev.eclipse.org:/cvsroot/eclipse,,pde-incubator/modeling/plugins/org.eclipse.pde.ds.ui

feature@org.eclipse.pde.ds=HEAD,:pserver:anonymous@dev.eclipse.org:/cvsroot/eclipse,,pde-incubator/modeling/features/org.eclipse.pde.ds-feature

#########
# TESTS #
#########
plugin@org.eclipse.pde.ds.tests=HEAD,:pserver:anonymous@dev.eclipse.org:/cvsroot/eclipse,,pde-incubator/modeling/tests/org.eclipse.pde.ds.tests

feature@org.eclipse.pde.ds.test=HEAD,:pserver:anonymous@dev.eclipse.org:/cvsroot/eclipse,,pde-incubator/modeling/features/org.eclipse.pde.ds.test-feature
